// Jest Snapshot v1, https://goo.gl/fbAQLP

exports[`Button should render 1`] = `
<button
  className="button regular  dark-blue "
  onClick={[Function]}
  type="button"
/>
`;
